/Users/rishihisariya/Desktop/Justfy_AutomationCode/justify/functional/core/src/main/java/com/twinspires/qa/core/sqlqueries/BDSQueries.java
/Users/rishihisariya/Desktop/Justfy_AutomationCode/justify/functional/core/src/main/java/com/twinspires/qa/core/webservices/WsRaceInfo.java
/Users/rishihisariya/Desktop/Justfy_AutomationCode/justify/functional/core/src/main/java/com/twinspires/qa/core/enums/MenuTitle.java
/Users/rishihisariya/Desktop/Justfy_AutomationCode/justify/functional/core/src/main/java/com/twinspires/qa/core/webservices/WsFAQ.java
/Users/rishihisariya/Desktop/Justfy_AutomationCode/justify/functional/core/src/main/java/com/twinspires/qa/core/testdata/AbstractBonusData.java
/Users/rishihisariya/Desktop/Justfy_AutomationCode/justify/functional/core/src/main/java/com/twinspires/qa/core/util/Util.java
/Users/rishihisariya/Desktop/Justfy_AutomationCode/justify/functional/core/src/main/java/com/twinspires/qa/core/core/Global.java
/Users/rishihisariya/Desktop/Justfy_AutomationCode/justify/functional/core/src/main/java/com/twinspires/qa/core/enums/ProgramRating.java
/Users/rishihisariya/Desktop/Justfy_AutomationCode/justify/functional/core/src/main/java/com/twinspires/qa/core/enums/CustomerStatus.java
/Users/rishihisariya/Desktop/Justfy_AutomationCode/justify/functional/core/src/main/java/com/twinspires/qa/core/testobjects/DatastorePromoInfo.java
/Users/rishihisariya/Desktop/Justfy_AutomationCode/justify/functional/core/src/main/java/com/twinspires/qa/core/sqlqueries/VIPREQueries.java
/Users/rishihisariya/Desktop/Justfy_AutomationCode/justify/functional/core/src/main/java/com/twinspires/qa/core/testdata/ICredentials.java
/Users/rishihisariya/Desktop/Justfy_AutomationCode/justify/functional/core/src/main/java/com/twinspires/qa/core/testdata/IMoneyDepositData.java
/Users/rishihisariya/Desktop/Justfy_AutomationCode/justify/functional/core/src/main/java/com/twinspires/qa/core/testdata/AbstractCredentials.java
/Users/rishihisariya/Desktop/Justfy_AutomationCode/justify/functional/core/src/main/java/com/twinspires/qa/core/webservices/WsBetShare.java
/Users/rishihisariya/Desktop/Justfy_AutomationCode/justify/functional/core/src/main/java/com/twinspires/qa/core/pageobjects/ExternalSitesPage.java
/Users/rishihisariya/Desktop/Justfy_AutomationCode/justify/functional/core/src/main/java/com/twinspires/qa/core/sqlqueries/ExternalAdapterQueries.java
/Users/rishihisariya/Desktop/Justfy_AutomationCode/justify/functional/core/src/main/java/com/twinspires/qa/core/webservices/WsCam.java
/Users/rishihisariya/Desktop/Justfy_AutomationCode/justify/functional/core/src/main/java/com/twinspires/qa/core/testobjects/DeviceInfo.java
/Users/rishihisariya/Desktop/Justfy_AutomationCode/justify/functional/core/src/main/java/com/twinspires/qa/core/webservices/WsDamStats.java
/Users/rishihisariya/Desktop/Justfy_AutomationCode/justify/functional/core/src/main/java/com/twinspires/qa/core/webservices/WsQtest.java
/Users/rishihisariya/Desktop/Justfy_AutomationCode/justify/functional/core/src/main/java/com/twinspires/qa/core/enums/TestStatus.java
/Users/rishihisariya/Desktop/Justfy_AutomationCode/justify/functional/core/src/main/java/com/twinspires/qa/core/sqlqueries/SQLQueries.java
/Users/rishihisariya/Desktop/Justfy_AutomationCode/justify/functional/core/src/main/java/com/twinspires/qa/core/sqlqueries/ProspectQueries.java
/Users/rishihisariya/Desktop/Justfy_AutomationCode/justify/functional/core/src/main/java/com/twinspires/qa/core/testdata/ClickEvent.java
/Users/rishihisariya/Desktop/Justfy_AutomationCode/justify/functional/core/src/main/java/com/twinspires/qa/core/sqlqueries/ADWQueries.java
/Users/rishihisariya/Desktop/Justfy_AutomationCode/justify/functional/core/src/main/java/com/twinspires/qa/core/util/DBConnect.java
/Users/rishihisariya/Desktop/Justfy_AutomationCode/justify/functional/core/src/main/java/com/twinspires/qa/core/webservices/WsRaceStats.java
/Users/rishihisariya/Desktop/Justfy_AutomationCode/justify/functional/core/src/main/java/com/twinspires/qa/core/testobjects/DatastoreBonusInfo.java
/Users/rishihisariya/Desktop/Justfy_AutomationCode/justify/functional/core/src/main/java/com/twinspires/qa/core/pageobjects/AbstractPageObject.java
/Users/rishihisariya/Desktop/Justfy_AutomationCode/justify/functional/core/src/main/java/com/twinspires/qa/core/sqlqueries/CAMQueries.java
/Users/rishihisariya/Desktop/Justfy_AutomationCode/justify/functional/core/src/main/java/com/twinspires/qa/core/testobjects/CategoryStats.java
/Users/rishihisariya/Desktop/Justfy_AutomationCode/justify/functional/core/src/main/java/com/twinspires/qa/core/sqlqueries/FundingQueries.java
/Users/rishihisariya/Desktop/Justfy_AutomationCode/justify/functional/core/src/main/java/com/twinspires/qa/core/util/JsWaiter.java
/Users/rishihisariya/Desktop/Justfy_AutomationCode/justify/functional/core/src/main/java/com/twinspires/qa/core/testobjects/DatastoreDepositInfo.java
/Users/rishihisariya/Desktop/Justfy_AutomationCode/justify/functional/core/src/main/java/com/twinspires/qa/core/core/TestNGSuiteGenerator.java
/Users/rishihisariya/Desktop/Justfy_AutomationCode/justify/functional/core/src/main/java/com/twinspires/qa/core/testdata/TracksData.java
/Users/rishihisariya/Desktop/Justfy_AutomationCode/justify/functional/core/src/main/java/com/twinspires/qa/core/enums/Affiliate.java
/Users/rishihisariya/Desktop/Justfy_AutomationCode/justify/functional/core/src/main/java/com/twinspires/qa/core/util/TrackInfoGetter.java
/Users/rishihisariya/Desktop/Justfy_AutomationCode/justify/functional/core/src/main/java/com/twinspires/qa/core/enums/TestEnv.java
/Users/rishihisariya/Desktop/Justfy_AutomationCode/justify/functional/core/src/main/java/com/twinspires/qa/core/enums/ClickEventType.java
/Users/rishihisariya/Desktop/Justfy_AutomationCode/justify/functional/core/src/main/java/com/twinspires/qa/core/webservices/WsOffers.java
/Users/rishihisariya/Desktop/Justfy_AutomationCode/justify/functional/core/src/main/java/com/twinspires/qa/core/testdata/SQLDataCredentials.java
/Users/rishihisariya/Desktop/Justfy_AutomationCode/justify/functional/core/src/main/java/com/twinspires/qa/core/webservices/WsSireStats.java
/Users/rishihisariya/Desktop/Justfy_AutomationCode/justify/functional/core/src/main/java/com/twinspires/qa/core/webservices/WsLiveOdds.java
/Users/rishihisariya/Desktop/Justfy_AutomationCode/justify/functional/core/src/main/java/com/twinspires/qa/core/webservices/WsRegistration.java
/Users/rishihisariya/Desktop/Justfy_AutomationCode/justify/functional/core/src/main/java/com/twinspires/qa/core/enums/FundingOption.java
/Users/rishihisariya/Desktop/Justfy_AutomationCode/justify/functional/core/src/main/java/com/twinspires/qa/core/testdata/BuiltWagersData.java
/Users/rishihisariya/Desktop/Justfy_AutomationCode/justify/functional/core/src/main/java/com/twinspires/qa/core/webservices/WsRaceResults.java
/Users/rishihisariya/Desktop/Justfy_AutomationCode/justify/functional/core/src/main/java/com/twinspires/qa/core/util/QTestService.java
/Users/rishihisariya/Desktop/Justfy_AutomationCode/justify/functional/core/src/main/java/com/twinspires/qa/core/tests/AbstractTest.java
/Users/rishihisariya/Desktop/Justfy_AutomationCode/justify/functional/core/src/main/java/com/twinspires/qa/core/webservices/AbstractWS.java
/Users/rishihisariya/Desktop/Justfy_AutomationCode/justify/functional/core/src/main/java/com/twinspires/qa/core/webservices/WsReplayTrackRaces.java
/Users/rishihisariya/Desktop/Justfy_AutomationCode/justify/functional/core/src/main/java/com/twinspires/qa/core/util/Offers.java
/Users/rishihisariya/Desktop/Justfy_AutomationCode/justify/functional/core/src/main/java/com/twinspires/qa/core/util/Assertions.java
/Users/rishihisariya/Desktop/Justfy_AutomationCode/justify/functional/core/src/main/java/com/twinspires/qa/core/util/Driver.java
/Users/rishihisariya/Desktop/Justfy_AutomationCode/justify/functional/core/src/main/java/com/twinspires/qa/core/webservices/WsWager.java
/Users/rishihisariya/Desktop/Justfy_AutomationCode/justify/functional/core/src/main/java/com/twinspires/qa/core/webservices/WsVideoSchedule.java
/Users/rishihisariya/Desktop/Justfy_AutomationCode/justify/functional/core/src/main/java/com/twinspires/qa/core/util/RetryAnalyzer.java
/Users/rishihisariya/Desktop/Justfy_AutomationCode/justify/functional/core/src/main/java/com/twinspires/qa/core/testdata/IRegistrationData.java
/Users/rishihisariya/Desktop/Justfy_AutomationCode/justify/functional/core/src/main/java/com/twinspires/qa/core/sqlqueries/TestDataQueries.java
/Users/rishihisariya/Desktop/Justfy_AutomationCode/justify/functional/core/src/main/java/com/twinspires/qa/core/testdata/IBonusData.java
/Users/rishihisariya/Desktop/Justfy_AutomationCode/justify/functional/core/src/main/java/com/twinspires/qa/core/util/TestNGListener.java
/Users/rishihisariya/Desktop/Justfy_AutomationCode/justify/functional/core/src/main/java/com/twinspires/qa/core/testobjects/BetshareInfo.java
/Users/rishihisariya/Desktop/Justfy_AutomationCode/justify/functional/core/src/main/java/com/twinspires/qa/core/webservices/WebserviceCalls.java
/Users/rishihisariya/Desktop/Justfy_AutomationCode/justify/functional/core/src/main/java/com/twinspires/qa/core/sqlqueries/DatastoreQueries.java
/Users/rishihisariya/Desktop/Justfy_AutomationCode/justify/functional/core/src/main/java/com/twinspires/qa/core/webservices/WsFunding.java
/Users/rishihisariya/Desktop/Justfy_AutomationCode/justify/functional/core/src/main/java/com/twinspires/qa/core/testobjects/DatastoreWagerInfo.java
/Users/rishihisariya/Desktop/Justfy_AutomationCode/justify/functional/core/src/main/java/com/twinspires/qa/core/testdata/TrackData.java
/Users/rishihisariya/Desktop/Justfy_AutomationCode/justify/functional/core/src/main/java/com/twinspires/qa/core/testdata/TestDataCredentials.java
/Users/rishihisariya/Desktop/Justfy_AutomationCode/justify/functional/core/src/main/java/com/twinspires/qa/core/sqlqueries/EmarsysQueries.java
/Users/rishihisariya/Desktop/Justfy_AutomationCode/justify/functional/core/src/main/java/com/twinspires/qa/core/testdata/AbstractRegistrationData.java
/Users/rishihisariya/Desktop/Justfy_AutomationCode/justify/functional/core/src/main/java/com/twinspires/qa/core/sqlqueries/BetShareQueries.java
/Users/rishihisariya/Desktop/Justfy_AutomationCode/justify/functional/core/src/main/java/com/twinspires/qa/core/testobjects/DatastoreRegistrationInfo.java
/Users/rishihisariya/Desktop/Justfy_AutomationCode/justify/functional/core/src/main/java/com/twinspires/qa/core/webservices/WsTrackInfo.java
/Users/rishihisariya/Desktop/Justfy_AutomationCode/justify/functional/core/src/main/java/com/twinspires/qa/core/testdata/AbstractEzMoneyDepositData.java
